A51 MACRO ASSEMBLER  HW3_4                                                                03/15/2025 16:09:31 PAGE     1


MACRO ASSEMBLER A51 V8.2.7.0
OBJECT MODULE PLACED IN .\Objects\hw3-4.obj
ASSEMBLER INVOKED BY: C:\Users\stell\AppData\Local\Keil_v5\C51\BIN\A51.EXE hw3-4.a51 SET(SMALL) DEBUG PRINT(.\Listings\h
                      w3-4.lst) OBJECT(.\Objects\hw3-4.obj) EP

LOC  OBJ            LINE     SOURCE

0000                   1     ORG 0000H
0000 020040            2     LJMP START
                       3     ; 1234H - 0FA3H
0040                   4     ORG 0040H
0040                   5             START:
0040 C3                6             CLR C
0041 7434              7             MOV A, #34H
0043 94A3              8             SUBB A, #0A3H
0045 F550              9             MOV 50H, A
0047 7412             10             MOV A, #12H
0049 940F             11             SUBB A, #0FH
004B F551             12             MOV 51H, A
                      13     END
A51 MACRO ASSEMBLER  HW3_4                                                                03/15/2025 16:09:31 PAGE     2

SYMBOL TABLE LISTING
------ ----- -------


N A M E             T Y P E  V A L U E   ATTRIBUTES

START. . . . . . .  C ADDR   0040H   A   


REGISTER BANK(S) USED: 0 


ASSEMBLY COMPLETE.  0 WARNING(S), 0 ERROR(S)
