BL51 BANKED LINKER/LOCATER V6.22.4.0                                                    03/02/2025  01:33:40  PAGE 1


BL51 BANKED LINKER/LOCATER V6.22.4.0, INVOKED BY:
C:\USERS\STELL\APPDATA\LOCAL\KEIL_V5\C51\BIN\BL51.EXE .\Objects\STARTUP.obj, .\Objects\keyboard.obj TO .\Objects\test1-2
>>  PRINT (.\Listings\test1-2.m51)


INPUT MODULES INCLUDED:
  .\Objects\STARTUP.obj (?C_STARTUP)
  .\Objects\keyboard.obj (KEYBOARD)


LINK MAP OF MODULE:  .\Objects\test1-2 (?C_STARTUP)


            TYPE    BASE      LENGTH    RELOCATION   SEGMENT NAME
            -----------------------------------------------------

            * * * * * * *   D A T A   M E M O R Y   * * * * * * *
            REG     0000H     0008H     ABSOLUTE     "REG BANK 0"
            IDATA   0008H     0001H     UNIT         ?STACK

            * * * * * * *   C O D E   M E M O R Y   * * * * * * *
            CODE    0000H     0003H     ABSOLUTE     
* OVERLAP * CODE    0000H     00A8H     ABSOLUTE     
                    00A8H     0758H                  *** GAP ***
            CODE    0800H     000CH     UNIT         ?C_C51STARTUP



UNRESOLVED EXTERNAL SYMBOLS:
   ?C_START



SYMBOL TABLE OF MODULE:  .\Objects\test1-2 (?C_STARTUP)

  VALUE           TYPE          NAME
  ----------------------------------

  -------         MODULE        ?C_STARTUP
  C:0800H         SEGMENT       ?C_C51STARTUP
  I:0008H         SEGMENT       ?STACK
  C:0000H         PUBLIC        ?C_STARTUP
  D:00E0H         SYMBOL        ACC
  D:00F0H         SYMBOL        B
  D:0083H         SYMBOL        DPH
  D:0082H         SYMBOL        DPL
  N:0000H         SYMBOL        IBPSTACK
  N:0100H         SYMBOL        IBPSTACKTOP
  N:0080H         SYMBOL        IDATALEN
  C:0803H         SYMBOL        IDATALOOP
  N:0000H         SYMBOL        PBPSTACK
  N:0100H         SYMBOL        PBPSTACKTOP
  N:0000H         SYMBOL        PDATALEN
  N:0000H         SYMBOL        PDATASTART
  N:0000H         SYMBOL        PPAGE
  N:0000H         SYMBOL        PPAGEENABLE
  D:00A0H         SYMBOL        PPAGE_SFR
  D:0081H         SYMBOL        SP
BL51 BANKED LINKER/LOCATER V6.22.4.0                                                  03/02/2025  01:33:40  PAGE 2


  C:0800H         SYMBOL        STARTUP1
  N:0000H         SYMBOL        XBPSTACK
  N:0000H         SYMBOL        XBPSTACKTOP
  N:0000H         SYMBOL        XDATALEN
  N:0000H         SYMBOL        XDATASTART
  C:0000H         LINE#         126
  C:0800H         LINE#         133
  C:0802H         LINE#         134
  C:0803H         LINE#         135
  C:0804H         LINE#         136
  C:0806H         LINE#         185
  C:0809H         LINE#         196
  -------         ENDMOD        ?C_STARTUP

  -------         MODULE        KEYBOARD
  C:0076H         SYMBOL        NUM0
  C:007BH         SYMBOL        NUM1
  C:0080H         SYMBOL        NUM2
  C:0085H         SYMBOL        NUM3
  C:008AH         SYMBOL        NUM4
  C:008FH         SYMBOL        NUM5
  C:0094H         SYMBOL        NUM6
  C:0099H         SYMBOL        NUM7
  C:009EH         SYMBOL        NUM8
  C:00A3H         SYMBOL        NUM9
  D:0080H         SYMBOL        P0
  D:00A0H         SYMBOL        P2
  C:0040H         SYMBOL        START
  C:0043H         SYMBOL        TEST
  C:0000H         LINE#         2
  C:0040H         LINE#         6
  C:0043H         LINE#         8
  C:0046H         LINE#         10
  C:0048H         LINE#         11
  C:004BH         LINE#         12
  C:004EH         LINE#         13
  C:0051H         LINE#         14
  C:0053H         LINE#         15
  C:0055H         LINE#         16
  C:0058H         LINE#         17
  C:005BH         LINE#         18
  C:005EH         LINE#         19
  C:0060H         LINE#         20
  C:0062H         LINE#         21
  C:0065H         LINE#         22
  C:0068H         LINE#         23
  C:006BH         LINE#         24
  C:006DH         LINE#         25
  C:006FH         LINE#         26
  C:0072H         LINE#         27
  C:0074H         LINE#         28
  C:0076H         LINE#         31
  C:0079H         LINE#         32
  C:007BH         LINE#         34
  C:007EH         LINE#         35
  C:0080H         LINE#         37
  C:0083H         LINE#         38
BL51 BANKED LINKER/LOCATER V6.22.4.0                                                  03/02/2025  01:33:40  PAGE 3


  C:0085H         LINE#         40
  C:0088H         LINE#         41
  C:008AH         LINE#         43
  C:008DH         LINE#         44
  C:008FH         LINE#         46
  C:0092H         LINE#         47
  C:0094H         LINE#         49
  C:0097H         LINE#         50
  C:0099H         LINE#         52
  C:009CH         LINE#         53
  C:009EH         LINE#         55
  C:00A1H         LINE#         56
  C:00A3H         LINE#         58
  C:00A6H         LINE#         59
  -------         ENDMOD        KEYBOARD

*** WARNING L5: CODE SPACE MEMORY OVERLAP
    FROM:    0000H
    TO:      0002H

*** WARNING L1: UNRESOLVED EXTERNAL SYMBOL
    SYMBOL:  ?C_START
    MODULE:  .\Objects\STARTUP.obj (?C_STARTUP)

*** WARNING L2: REFERENCE MADE TO UNRESOLVED EXTERNAL
    SYMBOL:  ?C_START
    MODULE:  .\Objects\STARTUP.obj (?C_STARTUP)
    ADDRESS: 080AH

******************************************************************************
* RESTRICTED VERSION WITH 0800H BYTE CODE SIZE LIMIT; USED: 0079H BYTE ( 5%) *
******************************************************************************

Program Size: data=9.0 xdata=0 code=183
LINK/LOCATE RUN COMPLETE.  3 WARNING(S),  0 ERROR(S)
